// Jest Snapshot v1, https://goo.gl/fbAQLP

exports[`should have the right Header component snapshot 1`] = `
<div
  className="header"
>
  <h1>
    Pokédex
  </h1>
  <h2>
    Search for any Pokémon that exists on the planet
  </h2>
</div>
`;
