// Jest Snapshot v1, https://goo.gl/fbAQLP

exports[`should have the weakness component snapshot 1`] = `
<div
  className="PokemonDetail__Types"
/>
`;
